#
# There is insufficient memory for the Java Runtime Environment to continue.
# Native memory allocation (mmap) failed to map 737280 bytes for G1 virtual space
# Possible reasons:
#   The system is out of physical RAM or swap space
#   The process is running with CompressedOops enabled, and the Java Heap may be blocking the growth of the native heap
# Possible solutions:
#   Reduce memory load on the system
#   Increase physical memory or swap space
#   Check if swap backing store is full
#   Decrease Java heap size (-Xmx/-Xms)
#   Decrease number of Java threads
#   Decrease Java thread stack sizes (-Xss)
#   Set larger code cache with -XX:ReservedCodeCacheSize=
#   JVM is running with Unscaled Compressed Oops mode in which the Java heap is
#     placed in the first 4GB address space. The Java Heap base address is the
#     maximum limit for the native heap growth. Please use -XX:HeapBaseMinAddress
#     to set the Java Heap base and to place the Java Heap above 4GB virtual address.
# This output file may be truncated or incomplete.
#
#  Out of Memory Error (os_windows.cpp:3469), pid=47984, tid=50248
#
# JRE version: Java(TM) SE Runtime Environment (17.0+35) (build 17+35-LTS-2724)
# Java VM: Java HotSpot(TM) 64-Bit Server VM (17+35-LTS-2724, mixed mode, emulated-client, sharing, tiered, compressed oops, compressed class ptrs, g1 gc, windows-amd64)
# No core dump will be written. Minidumps are not enabled by default on client versions of Windows
#

---------------  S U M M A R Y ------------

Command Line: -XX:TieredStopAtLevel=1 -Dspring.output.ansi.enabled=always -javaagent:C:\Program Files\JetBrains\IntelliJ IDEA 2026.1.2\lib\idea_rt.jar=62633 -Dfile.encoding=UTF-8 backend.BackendApplication

Host: 11th Gen Intel(R) Core(TM) i7-1165G7 @ 2.80GHz, 8 cores, 7G,  Windows 10 , 64 bit Build 22621 (10.0.22621.5415)
Time: Thu Sep 24 20:43:07 2026 Sri Lanka Standard Time elapsed time: 4.666881 seconds (0d 0h 0m 4s)

---------------  T H R E A D  ---------------

Current thread (0x000001cfff966560):  VMThread "VM Thread" [stack: 0x000000a8afe00000,0x000000a8aff00000] [id=50248]

Stack: [0x000000a8afe00000,0x000000a8aff00000]
Native frames: (J=compiled Java code, j=interpreted, Vv=VM code, C=native code)
V  [jvm.dll+0x66f8ea]
V  [jvm.dll+0x7ce224]
V  [jvm.dll+0x7cf9ce]
V  [jvm.dll+0x7d0033]
V  [jvm.dll+0x242bb5]
V  [jvm.dll+0x66c909]
V  [jvm.dll+0x6613d2]
V  [jvm.dll+0x30082b]
V  [jvm.dll+0x307db6]
V  [jvm.dll+0x357a23]
V  [jvm.dll+0x357c3f]
V  [jvm.dll+0x2d7ae8]
V  [jvm.dll+0x2d5db4]
V  [jvm.dll+0x2d53bc]
V  [jvm.dll+0x318d1b]
V  [jvm.dll+0x7d44cb]
V  [jvm.dll+0x7d5204]
V  [jvm.dll+0x7d571c]
V  [jvm.dll+0x7d5af4]
V  [jvm.dll+0x7d5bc0]
V  [jvm.dll+0x77e7ea]
V  [jvm.dll+0x66e715]
C  [ucrtbase.dll+0x29333]
C  [KERNEL32.DLL+0x1259d]
C  [ntdll.dll+0x5af78]

VM_Operation (0x000000a8af8fb280): G1CollectForAllocation, mode: safepoint, requested by thread 0x000001cff4a5fca0


---------------  P R O C E S S  ---------------

Threads class SMR info:
_java_thread_list=0x000001cf8b236680, length=21, elements={
0x000001cff4a5fca0, 0x000001cfff969ef0, 0x000001cfff96a8a0, 0x000001cfff977660,
0x000001cfff978010, 0x000001cfff97ade0, 0x000001cfff97e7b0, 0x000001cfff97f210,
0x000001cfff98c120, 0x000001cfff9543d0, 0x000001cfff9fe0d0, 0x000001cfff9fe7c0,
0x000001cf8986ffe0, 0x000001cf89c28390, 0x000001cf89c28ae0, 0x000001cf8b2d7970,
0x000001cf8b31a030, 0x000001cf8b31a500, 0x000001cf8b2d7020, 0x000001cf8b832420,
0x000001cf8ad3d400
}

Java Threads: ( => current thread )
  0x000001cff4a5fca0 JavaThread "main" [_thread_blocked, id=38060, stack(0x000000a8af800000,0x000000a8af900000)]
  0x000001cfff969ef0 JavaThread "Reference Handler" daemon [_thread_blocked, id=51164, stack(0x000000a8aff00000,0x000000a8b0000000)]
  0x000001cfff96a8a0 JavaThread "Finalizer" daemon [_thread_blocked, id=7808, stack(0x000000a8b0000000,0x000000a8b0100000)]
  0x000001cfff977660 JavaThread "Signal Dispatcher" daemon [_thread_blocked, id=52240, stack(0x000000a8b0100000,0x000000a8b0200000)]
  0x000001cfff978010 JavaThread "Attach Listener" daemon [_thread_blocked, id=31796, stack(0x000000a8b0200000,0x000000a8b0300000)]
  0x000001cfff97ade0 JavaThread "Service Thread" daemon [_thread_blocked, id=36448, stack(0x000000a8b0300000,0x000000a8b0400000)]
  0x000001cfff97e7b0 JavaThread "Monitor Deflation Thread" daemon [_thread_blocked, id=10088, stack(0x000000a8b0400000,0x000000a8b0500000)]
  0x000001cfff97f210 JavaThread "C1 CompilerThread0" daemon [_thread_blocked, id=41860, stack(0x000000a8b0500000,0x000000a8b0600000)]
  0x000001cfff98c120 JavaThread "Sweeper thread" daemon [_thread_blocked, id=48376, stack(0x000000a8b0600000,0x000000a8b0700000)]
  0x000001cfff9543d0 JavaThread "Common-Cleaner" daemon [_thread_blocked, id=6500, stack(0x000000a8b0700000,0x000000a8b0800000)]
  0x000001cfff9fe0d0 JavaThread "C1 CompilerThread1" daemon [_thread_blocked, id=39888, stack(0x000000a8b0800000,0x000000a8b0900000)]
  0x000001cfff9fe7c0 JavaThread "C1 CompilerThread2" daemon [_thread_blocked, id=58192, stack(0x000000a8b0900000,0x000000a8b0a00000)]
  0x000001cf8986ffe0 JavaThread "C1 CompilerThread3" daemon [_thread_blocked, id=9388, stack(0x000000a8b0a00000,0x000000a8b0b00000)]
  0x000001cf89c28390 JavaThread "Monitor Ctrl-Break" daemon [_thread_in_native, id=6012, stack(0x000000a8b0b00000,0x000000a8b0c00000)]
  0x000001cf89c28ae0 JavaThread "Notification Thread" daemon [_thread_blocked, id=36216, stack(0x000000a8b0c00000,0x000000a8b0d00000)]
  0x000001cf8b2d7970 JavaThread "Catalina-utility-1" [_thread_blocked, id=58256, stack(0x000000a8b1600000,0x000000a8b1700000)]
  0x000001cf8b31a030 JavaThread "Catalina-utility-2" [_thread_blocked, id=52632, stack(0x000000a8b1700000,0x000000a8b1800000)]
  0x000001cf8b31a500 JavaThread "container-0" [_thread_blocked, id=6132, stack(0x000000a8b1800000,0x000000a8b1900000)]
  0x000001cf8b2d7020 JavaThread "mysql-cj-abandoned-connection-cleanup" daemon [_thread_blocked, id=17176, stack(0x000000a8b1900000,0x000000a8b1a00000)]
  0x000001cf8b832420 JavaThread "HikariPool-1:housekeeper" daemon [_thread_blocked, id=55320, stack(0x000000a8b1b00000,0x000000a8b1c00000)]
  0x000001cf8ad3d400 JavaThread "HikariPool-1:connection-adder" daemon [_thread_blocked, id=36080, stack(0x000000a8b1c00000,0x000000a8b1d00000)]

Other Threads:
=>0x000001cfff966560 VMThread "VM Thread" [stack: 0x000000a8afe00000,0x000000a8aff00000] [id=50248]
  0x000001cff4a60920 WatcherThread [stack: 0x000000a8b0d00000,0x000000a8b0e00000] [id=7704]
  0x000001cff4a9e150 GCTaskThread "GC Thread#0" [stack: 0x000000a8af900000,0x000000a8afa00000] [id=37036]
  0x000001cf8a07e020 GCTaskThread "GC Thread#1" [stack: 0x000000a8b0e00000,0x000000a8b0f00000] [id=36788]
  0x000001cf8a135ca0 GCTaskThread "GC Thread#2" [stack: 0x000000a8b0f00000,0x000000a8b1000000] [id=57680]
  0x000001cf8a0c3490 GCTaskThread "GC Thread#3" [stack: 0x000000a8b1000000,0x000000a8b1100000] [id=54512]
  0x000001cf8a06cc10 GCTaskThread "GC Thread#4" [stack: 0x000000a8b1100000,0x000000a8b1200000] [id=28172]
  0x000001cf8a06cec0 GCTaskThread "GC Thread#5" [stack: 0x000000a8b1200000,0x000000a8b1300000] [id=45020]
  0x000001cf8a3febf0 GCTaskThread "GC Thread#6" [stack: 0x000000a8b1400000,0x000000a8b1500000] [id=21900]
  0x000001cf8ac1c780 GCTaskThread "GC Thread#7" [stack: 0x000000a8b1500000,0x000000a8b1600000] [id=48260]
  0x000001cff4aae810 ConcurrentGCThread "G1 Main Marker" [stack: 0x000000a8afa00000,0x000000a8afb00000] [id=8872]
  0x000001cff4aaf9d0 ConcurrentGCThread "G1 Conc#0" [stack: 0x000000a8afb00000,0x000000a8afc00000] [id=15548]
  0x000001cf8b167240 ConcurrentGCThread "G1 Conc#1" [stack: 0x000000a8b1300000,0x000000a8b1400000] [id=34024]
  0x000001cfff810090 ConcurrentGCThread "G1 Refine#0" [stack: 0x000000a8afc00000,0x000000a8afd00000] [id=48268]
  0x000001cfff811ac0 ConcurrentGCThread "G1 Service" [stack: 0x000000a8afd00000,0x000000a8afe00000] [id=42476]

Threads with active compile tasks:

VM state: at safepoint (normal execution)

VM Mutex/Monitor currently owned by a thread:  ([mutex/lock_event])
[0x000001cff4a5bda0] Threads_lock - owner thread: 0x000001cfff966560
[0x000001cff4a5c070] Heap_lock - owner thread: 0x000001cff4a5fca0

Heap address: 0x0000000084400000, size: 1980 MB, Compressed Oops mode: 32-bit

CDS archive(s) mapped at: [0x0000000800000000-0x0000000800bc0000-0x0000000800bc0000), size 12320768, SharedBaseAddress: 0x0000000800000000, ArchiveRelocationMode: 0.
Compressed class space mapped at: 0x0000000800c00000-0x0000000840c00000, reserved size: 1073741824
Narrow klass base: 0x0000000800000000, Narrow klass shift: 0, Narrow klass range: 0x100000000

GC Precious Log:
 CPUs: 8 total, 8 available
 Memory: 7914M
 Large Page Support: Disabled
 NUMA Support: Disabled
 Compressed Oops: Enabled (32-bit)
 Heap Region Size: 1M
 Heap Min Capacity: 8M
 Heap Initial Capacity: 124M
 Heap Max Capacity: 1980M
 Pre-touch: Disabled
 Parallel Workers: 8
 Concurrent Workers: 2
 Concurrent Refinement Workers: 8
 Periodic GC: Disabled

Heap:
 garbage-first heap   total 126976K, used 23222K [0x0000000084400000, 0x0000000100000000)
  region size 1024K, 2 young (2048K), 2 survivors (2048K)
 Metaspace       used 54029K, committed 54528K, reserved 1097728K
  class space    used 7730K, committed 7936K, reserved 1048576K

Heap Regions: E=young(eden), S=young(survivor), O=old, HS=humongous(starts), HC=humongous(continues), CS=collection set, F=free, OA=open archive, CA=closed archive, TAMS=top-at-mark-start (previous, next)
|   0|0x0000000084400000, 0x0000000084500000, 0x0000000084500000|100%|HS|  |TAMS 0x0000000084500000, 0x0000000084400000| Complete 
|   1|0x0000000084500000, 0x0000000084600000, 0x0000000084600000|100%| O|  |TAMS 0x0000000084600000, 0x0000000084500000| Untracked 
|   2|0x0000000084600000, 0x0000000084700000, 0x0000000084700000|100%| O|  |TAMS 0x0000000084700000, 0x0000000084600000| Untracked 
|   3|0x0000000084700000, 0x0000000084800000, 0x0000000084800000|100%| O|  |TAMS 0x0000000084800000, 0x0000000084700000| Untracked 
|   4|0x0000000084800000, 0x0000000084900000, 0x0000000084900000|100%| O|  |TAMS 0x0000000084900000, 0x0000000084800000| Untracked 
|   5|0x0000000084900000, 0x0000000084a00000, 0x0000000084a00000|100%| O|  |TAMS 0x0000000084a00000, 0x0000000084900000| Untracked 
|   6|0x0000000084a00000, 0x0000000084b00000, 0x0000000084b00000|100%| O|  |TAMS 0x0000000084a00000, 0x0000000084a00000| Untracked 
|   7|0x0000000084b00000, 0x0000000084c00000, 0x0000000084c00000|100%| O|  |TAMS 0x0000000084c00000, 0x0000000084b00000| Untracked 
|   8|0x0000000084c00000, 0x0000000084d00000, 0x0000000084d00000|100%| O|  |TAMS 0x0000000084d00000, 0x0000000084c00000| Untracked 
|   9|0x0000000084d00000, 0x0000000084e00000, 0x0000000084e00000|100%| O|  |TAMS 0x0000000084e00000, 0x0000000084d00000| Untracked 
|  10|0x0000000084e00000, 0x0000000084f00000, 0x0000000084f00000|100%| O|  |TAMS 0x0000000084f00000, 0x0000000084e00000| Untracked 
|  11|0x0000000084f00000, 0x0000000085000000, 0x0000000085000000|100%| O|  |TAMS 0x0000000085000000, 0x0000000084f00000| Untracked 
|  12|0x0000000085000000, 0x0000000085100000, 0x0000000085100000|100%| O|  |TAMS 0x0000000085100000, 0x0000000085000000| Untracked 
|  13|0x0000000085100000, 0x0000000085200000, 0x0000000085200000|100%| O|  |TAMS 0x0000000085200000, 0x0000000085100000| Untracked 
|  14|0x0000000085200000, 0x0000000085300000, 0x0000000085300000|100%| O|  |TAMS 0x0000000085300000, 0x0000000085200000| Untracked 
|  15|0x0000000085300000, 0x0000000085400000, 0x0000000085400000|100%| O|  |TAMS 0x0000000085400000, 0x0000000085300000| Untracked 
|  16|0x0000000085400000, 0x0000000085500000, 0x0000000085500000|100%| O|  |TAMS 0x0000000085500000, 0x0000000085400000| Untracked 
|  17|0x0000000085500000, 0x0000000085500000, 0x0000000085600000|  0%| F|  |TAMS 0x0000000085500000, 0x0000000085500000| Untracked 
|  18|0x0000000085600000, 0x0000000085700000, 0x0000000085700000|100%| O|  |TAMS 0x0000000085600000, 0x0000000085600000| Untracked 
|  19|0x0000000085700000, 0x0000000085800000, 0x0000000085800000|100%| O|  |TAMS 0x0000000085700000, 0x0000000085700000| Untracked 
|  20|0x0000000085800000, 0x0000000085900000, 0x0000000085900000|100%| O|  |TAMS 0x0000000085800000, 0x0000000085800000| Untracked 
|  21|0x0000000085900000, 0x0000000085a00000, 0x0000000085a00000|100%| O|  |TAMS 0x0000000085900000, 0x0000000085900000| Untracked 
|  22|0x0000000085a00000, 0x0000000085a00000, 0x0000000085b00000|  0%| F|  |TAMS 0x0000000085a00000, 0x0000000085a00000| Untracked 
|  23|0x0000000085b00000, 0x0000000085b00000, 0x0000000085c00000|  0%| F|  |TAMS 0x0000000085b00000, 0x0000000085b00000| Untracked 
|  24|0x0000000085c00000, 0x0000000085c00000, 0x0000000085d00000|  0%| F|  |TAMS 0x0000000085c00000, 0x0000000085c00000| Untracked 
|  25|0x0000000085d00000, 0x0000000085d00000, 0x0000000085e00000|  0%| F|  |TAMS 0x0000000085d00000, 0x0000000085d00000| Untracked 
|  26|0x0000000085e00000, 0x0000000085e00000, 0x0000000085f00000|  0%| F|  |TAMS 0x0000000085e00000, 0x0000000085e00000| Untracked 
|  27|0x0000000085f00000, 0x0000000085f00000, 0x0000000086000000|  0%| F|  |TAMS 0x0000000085f00000, 0x0000000085f00000| Untracked 
|  28|0x0000000086000000, 0x000000008607d400, 0x0000000086100000| 48%| O|  |TAMS 0x0000000086000000, 0x0000000086000000| Untracked 
|  29|0x0000000086100000, 0x0000000086100000, 0x0000000086200000|  0%| F|  |TAMS 0x0000000086100000, 0x0000000086100000| Untracked 
|  30|0x0000000086200000, 0x0000000086200000, 0x0000000086300000|  0%| F|  |TAMS 0x0000000086200000, 0x0000000086200000| Untracked 
|  31|0x0000000086300000, 0x0000000086300000, 0x0000000086400000|  0%| F|  |TAMS 0x0000000086300000, 0x0000000086300000| Untracked 
|  32|0x0000000086400000, 0x0000000086400000, 0x0000000086500000|  0%| F|  |TAMS 0x0000000086400000, 0x0000000086400000| Untracked 
|  33|0x0000000086500000, 0x0000000086500000, 0x0000000086600000|  0%| F|  |TAMS 0x0000000086500000, 0x0000000086500000| Untracked 
|  34|0x0000000086600000, 0x0000000086630770, 0x0000000086700000| 18%| S|CS|TAMS 0x0000000086600000, 0x0000000086600000| Complete 
|  35|0x0000000086700000, 0x0000000086800000, 0x0000000086800000|100%| S|CS|TAMS 0x0000000086700000, 0x0000000086700000| Complete 
|  36|0x0000000086800000, 0x0000000086800000, 0x0000000086900000|  0%| F|  |TAMS 0x0000000086800000, 0x0000000086800000| Untracked 
|  37|0x0000000086900000, 0x0000000086900000, 0x0000000086a00000|  0%| F|  |TAMS 0x0000000086900000, 0x0000000086900000| Untracked 
|  38|0x0000000086a00000, 0x0000000086a00000, 0x0000000086b00000|  0%| F|  |TAMS 0x0000000086a00000, 0x0000000086a00000| Untracked 
|  39|0x0000000086b00000, 0x0000000086b00000, 0x0000000086c00000|  0%| F|  |TAMS 0x0000000086b00000, 0x0000000086b00000| Untracked 
|  40|0x0000000086c00000, 0x0000000086c00000, 0x0000000086d00000|  0%| F|  |TAMS 0x0000000086c00000, 0x0000000086c00000| Untracked 
|  41|0x0000000086d00000, 0x0000000086d00000, 0x0000000086e00000|  0%| F|  |TAMS 0x0000000086d00000, 0x0000000086d00000| Untracked 
|  42|0x0000000086e00000, 0x0000000086e00000, 0x0000000086f00000|  0%| F|  |TAMS 0x0000000086e00000, 0x0000000086e00000| Untracked 
|  43|0x0000000086f00000, 0x0000000086f00000, 0x0000000087000000|  0%| F|  |TAMS 0x0000000086f00000, 0x0000000086f00000| Untracked 
|  44|0x0000000087000000, 0x0000000087000000, 0x0000000087100000|  0%| F|  |TAMS 0x0000000087000000, 0x0000000087000000| Untracked 
|  45|0x0000000087100000, 0x0000000087100000, 0x0000000087200000|  0%| F|  |TAMS 0x0000000087100000, 0x0000000087100000| Untracked 
|  46|0x0000000087200000, 0x0000000087200000, 0x0000000087300000|  0%| F|  |TAMS 0x0000000087200000, 0x0000000087200000| Untracked 
|  47|0x0000000087300000, 0x0000000087300000, 0x0000000087400000|  0%| F|  |TAMS 0x0000000087300000, 0x0000000087300000| Untracked 
|  48|0x0000000087400000, 0x0000000087400000, 0x0000000087500000|  0%| F|  |TAMS 0x0000000087400000, 0x0000000087400000| Untracked 
|  49|0x0000000087500000, 0x0000000087500000, 0x0000000087600000|  0%| F|  |TAMS 0x0000000087500000, 0x0000000087500000| Untracked 
|  50|0x0000000087600000, 0x0000000087600000, 0x0000000087700000|  0%| F|  |TAMS 0x0000000087600000, 0x0000000087600000| Untracked 
|  51|0x0000000087700000, 0x0000000087700000, 0x0000000087800000|  0%| F|  |TAMS 0x0000000087700000, 0x0000000087700000| Untracked 
|  52|0x0000000087800000, 0x0000000087800000, 0x0000000087900000|  0%| F|  |TAMS 0x0000000087800000, 0x0000000087800000| Untracked 
|  53|0x0000000087900000, 0x0000000087900000, 0x0000000087a00000|  0%| F|  |TAMS 0x0000000087900000, 0x0000000087900000| Untracked 
|  54|0x0000000087a00000, 0x0000000087a00000, 0x0000000087b00000|  0%| F|  |TAMS 0x0000000087a00000, 0x0000000087a00000| Untracked 
|  55|0x0000000087b00000, 0x0000000087b00000, 0x0000000087c00000|  0%| F|  |TAMS 0x0000000087b00000, 0x0000000087b00000| Untracked 
|  56|0x0000000087c00000, 0x0000000087c00000, 0x0000000087d00000|  0%| F|  |TAMS 0x0000000087c00000, 0x0000000087c00000| Untracked 
|  57|0x0000000087d00000, 0x0000000087d00000, 0x0000000087e00000|  0%| F|  |TAMS 0x0000000087d00000, 0x0000000087d00000| Untracked 
|  58|0x0000000087e00000, 0x0000000087e00000, 0x0000000087f00000|  0%| F|  |TAMS 0x0000000087e00000, 0x0000000087e00000| Untracked 
|  59|0x0000000087f00000, 0x0000000087f00000, 0x0000000088000000|  0%| F|  |TAMS 0x0000000087f00000, 0x0000000087f00000| Untracked 
|  60|0x0000000088000000, 0x0000000088000000, 0x0000000088100000|  0%| F|  |TAMS 0x0000000088000000, 0x0000000088000000| Untracked 
|  61|0x0000000088100000, 0x0000000088100000, 0x0000000088200000|  0%| F|  |TAMS 0x0000000088100000, 0x0000000088100000| Untracked 
|  62|0x0000000088200000, 0x0000000088200000, 0x0000000088300000|  0%| F|  |TAMS 0x0000000088200000, 0x0000000088200000| Untracked 
|  63|0x0000000088300000, 0x0000000088300000, 0x0000000088400000|  0%| F|  |TAMS 0x0000000088300000, 0x0000000088300000| Untracked 
|  64|0x0000000088400000, 0x0000000088400000, 0x0000000088500000|  0%| F|  |TAMS 0x0000000088400000, 0x0000000088400000| Untracked 
|  65|0x0000000088500000, 0x0000000088500000, 0x0000000088600000|  0%| F|  |TAMS 0x0000000088500000, 0x0000000088500000| Untracked 
|  66|0x0000000088600000, 0x0000000088600000, 0x0000000088700000|  0%| F|  |TAMS 0x0000000088600000, 0x0000000088600000| Untracked 
|  67|0x0000000088700000, 0x0000000088700000, 0x0000000088800000|  0%| F|  |TAMS 0x0000000088700000, 0x0000000088700000| Untracked 
|  68|0x0000000088800000, 0x0000000088800000, 0x0000000088900000|  0%| F|  |TAMS 0x0000000088800000, 0x0000000088800000| Untracked 
|  69|0x0000000088900000, 0x0000000088900000, 0x0000000088a00000|  0%| F|  |TAMS 0x0000000088900000, 0x0000000088900000| Untracked 
|  70|0x0000000088a00000, 0x0000000088a00000, 0x0000000088b00000|  0%| F|  |TAMS 0x0000000088a00000, 0x0000000088a00000| Untracked 
|  71|0x0000000088b00000, 0x0000000088b00000, 0x0000000088c00000|  0%| F|  |TAMS 0x0000000088b00000, 0x0000000088b00000| Untracked 
|  72|0x0000000088c00000, 0x0000000088c00000, 0x0000000088d00000|  0%| F|  |TAMS 0x0000000088c00000, 0x0000000088c00000| Untracked 
|  73|0x0000000088d00000, 0x0000000088d00000, 0x0000000088e00000|  0%| F|  |TAMS 0x0000000088d00000, 0x0000000088d00000| Untracked 
|  74|0x0000000088e00000, 0x0000000088e00000, 0x0000000088f00000|  0%| F|  |TAMS 0x0000000088e00000, 0x0000000088e00000| Untracked 
|  75|0x0000000088f00000, 0x0000000088f00000, 0x0000000089000000|  0%| F|  |TAMS 0x0000000088f00000, 0x0000000088f00000| Untracked 
|  76|0x0000000089000000, 0x0000000089000000, 0x0000000089100000|  0%| F|  |TAMS 0x0000000089000000, 0x0000000089000000| Untracked 
|  77|0x0000000089100000, 0x0000000089100000, 0x0000000089200000|  0%| F|  |TAMS 0x0000000089100000, 0x0000000089100000| Untracked 
|  78|0x0000000089200000, 0x0000000089200000, 0x0000000089300000|  0%| F|  |TAMS 0x0000000089200000, 0x0000000089200000| Untracked 
|  79|0x0000000089300000, 0x0000000089300000, 0x0000000089400000|  0%| F|  |TAMS 0x0000000089300000, 0x0000000089300000| Untracked 
|  80|0x0000000089400000, 0x0000000089400000, 0x0000000089500000|  0%| F|  |TAMS 0x0000000089400000, 0x0000000089400000| Untracked 
|  81|0x0000000089500000, 0x0000000089500000, 0x0000000089600000|  0%| F|  |TAMS 0x0000000089500000, 0x0000000089500000| Untracked 
|  82|0x0000000089600000, 0x0000000089600000, 0x0000000089700000|  0%| F|  |TAMS 0x0000000089600000, 0x0000000089600000| Untracked 
|  83|0x0000000089700000, 0x0000000089700000, 0x0000000089800000|  0%| F|  |TAMS 0x0000000089700000, 0x0000000089700000| Untracked 
|  84|0x0000000089800000, 0x0000000089800000, 0x0000000089900000|  0%| F|  |TAMS 0x0000000089800000, 0x0000000089800000| Untracked 
|  85|0x0000000089900000, 0x0000000089900000, 0x0000000089a00000|  0%| F|  |TAMS 0x0000000089900000, 0x0000000089900000| Untracked 
|  86|0x0000000089a00000, 0x0000000089a00000, 0x0000000089b00000|  0%| F|  |TAMS 0x0000000089a00000, 0x0000000089a00000| Untracked 
|  87|0x0000000089b00000, 0x0000000089b00000, 0x0000000089c00000|  0%| F|  |TAMS 0x0000000089b00000, 0x0000000089b00000| Untracked 
|  88|0x0000000089c00000, 0x0000000089c00000, 0x0000000089d00000|  0%| F|  |TAMS 0x0000000089c00000, 0x0000000089c00000| Untracked 
|  89|0x0000000089d00000, 0x0000000089d00000, 0x0000000089e00000|  0%| F|  |TAMS 0x0000000089d00000, 0x0000000089d00000| Untracked 
|  90|0x0000000089e00000, 0x0000000089e00000, 0x0000000089f00000|  0%| F|  |TAMS 0x0000000089e00000, 0x0000000089e00000| Untracked 
|  91|0x0000000089f00000, 0x0000000089f00000, 0x000000008a000000|  0%| F|  |TAMS 0x0000000089f00000, 0x0000000089f00000| Untracked 
|  92|0x000000008a000000, 0x000000008a000000, 0x000000008a100000|  0%| F|  |TAMS 0x000000008a000000, 0x000000008a000000| Untracked 
|  93|0x000000008a100000, 0x000000008a100000, 0x000000008a200000|  0%| F|  |TAMS 0x000000008a100000, 0x000000008a100000| Untracked 
|  94|0x000000008a200000, 0x000000008a200000, 0x000000008a300000|  0%| F|  |TAMS 0x000000008a200000, 0x000000008a200000| Untracked 
|  95|0x000000008a300000, 0x000000008a300000, 0x000000008a400000|  0%| F|  |TAMS 0x000000008a300000, 0x000000008a300000| Untracked 
|  96|0x000000008a400000, 0x000000008a400000, 0x000000008a500000|  0%| F|  |TAMS 0x000000008a400000, 0x000000008a400000| Untracked 
|  97|0x000000008a500000, 0x000000008a500000, 0x000000008a600000|  0%| F|  |TAMS 0x000000008a500000, 0x000000008a500000| Untracked 
|  98|0x000000008a600000, 0x000000008a600000, 0x000000008a700000|  0%| F|  |TAMS 0x000000008a600000, 0x000000008a600000| Untracked 
|  99|0x000000008a700000, 0x000000008a700000, 0x000000008a800000|  0%| F|  |TAMS 0x000000008a700000, 0x000000008a700000| Untracked 
| 100|0x000000008a800000, 0x000000008a800000, 0x000000008a900000|  0%| F|  |TAMS 0x000000008a800000, 0x000000008a800000| Untracked 
| 101|0x000000008a900000, 0x000000008a900000, 0x000000008aa00000|  0%| F|  |TAMS 0x000000008a900000, 0x000000008a900000| Untracked 
| 102|0x000000008aa00000, 0x000000008aa00000, 0x000000008ab00000|  0%| F|  |TAMS 0x000000008aa00000, 0x000000008aa00000| Untracked 
| 103|0x000000008ab00000, 0x000000008ab00000, 0x000000008ac00000|  0%| F|  |TAMS 0x000000008ab00000, 0x000000008ab00000| Untracked 
| 104|0x000000008ac00000, 0x000000008ac00000, 0x000000008ad00000|  0%| F|  |TAMS 0x000000008ac00000, 0x000000008ac00000| Untracked 
| 105|0x000000008ad00000, 0x000000008ad00000, 0x000000008ae00000|  0%| F|  |TAMS 0x000000008ad00000, 0x000000008ad00000| Untracked 
| 106|0x000000008ae00000, 0x000000008ae00000, 0x000000008af00000|  0%| F|  |TAMS 0x000000008ae00000, 0x000000008ae00000| Untracked 
| 107|0x000000008af00000, 0x000000008af00000, 0x000000008b000000|  0%| F|  |TAMS 0x000000008af00000, 0x000000008af00000| Untracked 
| 108|0x000000008b000000, 0x000000008b000000, 0x000000008b100000|  0%| F|  |TAMS 0x000000008b000000, 0x000000008b000000| Untracked 
| 109|0x000000008b100000, 0x000000008b100000, 0x000000008b200000|  0%| F|  |TAMS 0x000000008b100000, 0x000000008b100000| Untracked 
| 110|0x000000008b200000, 0x000000008b200000, 0x000000008b300000|  0%| F|  |TAMS 0x000000008b200000, 0x000000008b200000| Untracked 
| 111|0x000000008b300000, 0x000000008b300000, 0x000000008b400000|  0%| F|  |TAMS 0x000000008b300000, 0x000000008b300000| Untracked 
| 112|0x000000008b400000, 0x000000008b400000, 0x000000008b500000|  0%| F|  |TAMS 0x000000008b400000, 0x000000008b400000| Untracked 
| 113|0x000000008b500000, 0x000000008b500000, 0x000000008b600000|  0%| F|  |TAMS 0x000000008b500000, 0x000000008b500000| Untracked 
| 114|0x000000008b600000, 0x000000008b600000, 0x000000008b700000|  0%| F|  |TAMS 0x000000008b600000, 0x000000008b600000| Untracked 
| 115|0x000000008b700000, 0x000000008b700000, 0x000000008b800000|  0%| F|  |TAMS 0x000000008b700000, 0x000000008b700000| Untracked 
| 116|0x000000008b800000, 0x000000008b800000, 0x000000008b900000|  0%| F|  |TAMS 0x000000008b800000, 0x000000008b800000| Untracked 
| 117|0x000000008b900000, 0x000000008b900000, 0x000000008ba00000|  0%| F|  |TAMS 0x000000008b900000, 0x000000008b900000| Untracked 
| 118|0x000000008ba00000, 0x000000008ba00000, 0x000000008bb00000|  0%| F|  |TAMS 0x000000008ba00000, 0x000000008ba00000| Untracked 
| 119|0x000000008bb00000, 0x000000008bb00000, 0x000000008bc00000|  0%| F|  |TAMS 0x000000008bb00000, 0x000000008bb00000| Untracked 
| 120|0x000000008bc00000, 0x000000008bc00000, 0x000000008bd00000|  0%| F|  |TAMS 0x000000008bc00000, 0x000000008bc00000| Untracked 
| 121|0x000000008bd00000, 0x000000008bd00000, 0x000000008be00000|  0%| F|  |TAMS 0x000000008bd00000, 0x000000008bd00000| Untracked 
| 122|0x000000008be00000, 0x000000008be00000, 0x000000008bf00000|  0%| F|  |TAMS 0x000000008be00000, 0x000000008be00000| Untracked 
| 123|0x000000008bf00000, 0x000000008bf00000, 0x000000008c000000|  0%| F|  |TAMS 0x000000008bf00000, 0x000000008bf00000| Untracked 

Card table byte_map: [0x000001cffe730000,0x000001cffeb10000] _byte_map_base: 0x000001cffe30e000

Marking Bits (Prev, Next): (CMBitMap*) 0x000001cff4a9e760, (CMBitMap*) 0x000001cff4a9e7a0
 Prev Bits: [0x000001cf83000000, 0x000001cf84ef0000)
 Next Bits: [0x000001cf84ef0000, 0x000001cf86de0000)

Polling page: 0x000001cff4b20000

Metaspace:

Usage:
  Non-class:     45.21 MB used.
      Class:      7.55 MB used.
       Both:     52.76 MB used.

Virtual space:
  Non-class space:       48.00 MB reserved,      45.50 MB ( 95%) committed,  6 nodes.
      Class space:        1.00 GB reserved,       7.75 MB ( <1%) committed,  1 nodes.
             Both:        1.05 GB reserved,      53.25 MB (  5%) committed. 

Chunk freelists:
   Non-Class:  1.58 MB
       Class:  144.00 KB
        Both:  1.72 MB

MaxMetaspaceSize: unlimited
CompressedClassSpaceSize: 1.00 GB
Initial GC threshold: 21.00 MB
Current GC threshold: 59.00 MB
CDS: on
MetaspaceReclaimPolicy: balanced
 - commit_granule_bytes: 65536.
 - commit_granule_words: 8192.
 - virtual_space_node_default_size: 1048576.
 - enlarge_chunks_in_place: 1.
 - new_chunks_are_fully_committed: 0.
 - uncommit_free_chunks: 1.
 - use_allocation_guard: 0.
 - handle_deallocations: 1.


Internal statistics:

num_allocs_failed_limit: 6.
num_arena_births: 698.
num_arena_deaths: 0.
num_vsnodes_births: 7.
num_vsnodes_deaths: 0.
num_space_committed: 852.
num_space_uncommitted: 0.
num_chunks_returned_to_freelist: 6.
num_chunks_taken_from_freelist: 2611.
num_chunk_merges: 6.
num_chunk_splits: 1901.
num_chunks_enlarged: 1490.
num_purges: 0.
num_inconsistent_stats: 0.

CodeCache: size=49152Kb used=9904Kb max_used=9904Kb free=39248Kb
 bounds [0x000001cf80000000, 0x000001cf809b0000, 0x000001cf83000000]
 total_blobs=5139 nmethods=4515 adapters=546
 compilation: enabled
              stopped_count=0, restarted_count=0
 full_count=0

Compilation events (20 events):
Event: 4.372 Thread 0x000001cfff9fe7c0 4506       1       java.math.BigInteger::intArrayCmpToLen (55 bytes)
Event: 4.372 Thread 0x000001cfff9fe7c0 nmethod 4506 0x000001cf809a7090 code [0x000001cf809a7240, 0x000001cf809a73f8]
Event: 4.373 Thread 0x000001cfff9fe7c0 4507       1       sun.security.ssl.SSLContextImpl::getX509KeyManager (5 bytes)
Event: 4.373 Thread 0x000001cfff9fe0d0 4508       1       sun.security.ssl.DummyX509KeyManager::chooseClientAlias (2 bytes)
Event: 4.373 Thread 0x000001cfff9fe7c0 nmethod 4507 0x000001cf809a7510 code [0x000001cf809a76a0, 0x000001cf809a7778]
Event: 4.373 Thread 0x000001cfff9fe0d0 nmethod 4508 0x000001cf809a7810 code [0x000001cf809a79a0, 0x000001cf809a7a78]
Event: 4.373 Thread 0x000001cfff9fe0d0 4509       1       com.sun.crypto.provider.GaloisCounterMode$GCMEngine::getBufferedLength (19 bytes)
Event: 4.373 Thread 0x000001cfff9fe7c0 4510       1       java.lang.Math::subtractExact (26 bytes)
Event: 4.374 Thread 0x000001cfff9fe7c0 nmethod 4510 0x000001cf809a7b10 code [0x000001cf809a7ca0, 0x000001cf809a7de8]
Event: 4.374 Thread 0x000001cfff9fe0d0 nmethod 4509 0x000001cf809a7e90 code [0x000001cf809a8020, 0x000001cf809a81d8]
Event: 4.374 Thread 0x000001cfff9fe0d0 4511       1       java.nio.HeapByteBuffer::get (15 bytes)
Event: 4.374 Thread 0x000001cfff9fe0d0 nmethod 4511 0x000001cf809a8290 code [0x000001cf809a8420, 0x000001cf809a8538]
Event: 4.375 Thread 0x000001cfff97f210 4512   !   1       com.mysql.cj.protocol.a.NativeProtocol::readMessage (86 bytes)
Event: 4.376 Thread 0x000001cfff9fe0d0 4513       1       com.mysql.cj.result.StringValueFactory::createFromBytes (45 bytes)
Event: 4.376 Thread 0x000001cfff9fe0d0 nmethod 4513 0x000001cf809a8690 code [0x000001cf809a8840, 0x000001cf809a8a38]
Event: 4.376 Thread 0x000001cfff97f210 nmethod 4512 0x000001cf809a8c10 code [0x000001cf809a8e00, 0x000001cf809a91e8]
Event: 4.376 Thread 0x000001cf8986ffe0 4514       1       com.mysql.cj.CoreSession::getTelemetryHandler (5 bytes)
Event: 4.376 Thread 0x000001cf8986ffe0 nmethod 4514 0x000001cf809a9610 code [0x000001cf809a97a0, 0x000001cf809a9878]
Event: 4.376 Thread 0x000001cfff97f210 4515       1       com.mysql.cj.protocol.a.PacketSplitter::getPacketLen (5 bytes)
Event: 4.376 Thread 0x000001cfff97f210 nmethod 4515 0x000001cf809a9910 code [0x000001cf809a9aa0, 0x000001cf809a9b78]

GC Heap History (20 events):
Event: 0.891 GC heap after
{Heap after GC invocations=2 (full 0):
 garbage-first heap   total 126976K, used 9290K [0x0000000084400000, 0x0000000100000000)
  region size 1024K, 3 young (3072K), 3 survivors (3072K)
 Metaspace       used 11347K, committed 11648K, reserved 1064960K
  class space    used 1594K, committed 1728K, reserved 1048576K
}
Event: 1.118 GC heap before
{Heap before GC invocations=2 (full 0):
 garbage-first heap   total 126976K, used 76874K [0x0000000084400000, 0x0000000100000000)
  region size 1024K, 70 young (71680K), 3 survivors (3072K)
 Metaspace       used 16981K, committed 17344K, reserved 1064960K
  class space    used 2338K, committed 2496K, reserved 1048576K
}
Event: 1.122 GC heap after
{Heap after GC invocations=3 (full 0):
 garbage-first heap   total 126976K, used 11422K [0x0000000084400000, 0x0000000100000000)
  region size 1024K, 5 young (5120K), 5 survivors (5120K)
 Metaspace       used 16981K, committed 17344K, reserved 1064960K
  class space    used 2338K, committed 2496K, reserved 1048576K
}
Event: 1.136 GC heap before
{Heap before GC invocations=3 (full 0):
 garbage-first heap   total 126976K, used 81054K [0x0000000084400000, 0x0000000100000000)
  region size 1024K, 74 young (75776K), 5 survivors (5120K)
 Metaspace       used 17165K, committed 17600K, reserved 1064960K
  class space    used 2363K, committed 2560K, reserved 1048576K
}
Event: 1.139 GC heap after
{Heap after GC invocations=4 (full 0):
 garbage-first heap   total 126976K, used 11646K [0x0000000084400000, 0x0000000100000000)
  region size 1024K, 5 young (5120K), 5 survivors (5120K)
 Metaspace       used 17165K, committed 17600K, reserved 1064960K
  class space    used 2363K, committed 2560K, reserved 1048576K
}
Event: 1.688 GC heap before
{Heap before GC invocations=4 (full 0):
 garbage-first heap   total 126976K, used 80254K [0x0000000084400000, 0x0000000100000000)
  region size 1024K, 74 young (75776K), 5 survivors (5120K)
 Metaspace       used 21124K, committed 21504K, reserved 1073152K
  class space    used 2956K, committed 3136K, reserved 1048576K
}
Event: 1.694 GC heap after
{Heap after GC invocations=5 (full 0):
 garbage-first heap   total 126976K, used 14236K [0x0000000084400000, 0x0000000100000000)
  region size 1024K, 8 young (8192K), 8 survivors (8192K)
 Metaspace       used 21124K, committed 21504K, reserved 1073152K
  class space    used 2956K, committed 3136K, reserved 1048576K
}
Event: 2.156 GC heap before
{Heap before GC invocations=6 (full 0):
 garbage-first heap   total 55296K, used 38812K [0x0000000084400000, 0x0000000100000000)
  region size 1024K, 32 young (32768K), 8 survivors (8192K)
 Metaspace       used 25174K, committed 25664K, reserved 1073152K
  class space    used 3558K, committed 3776K, reserved 1048576K
}
Event: 2.166 GC heap after
{Heap after GC invocations=7 (full 0):
 garbage-first heap   total 89088K, used 17226K [0x0000000084400000, 0x0000000100000000)
  region size 1024K, 4 young (4096K), 4 survivors (4096K)
 Metaspace       used 25174K, committed 25664K, reserved 1073152K
  class space    used 3558K, committed 3776K, reserved 1048576K
}
Event: 2.208 GC heap before
{Heap before GC invocations=7 (full 0):
 garbage-first heap   total 89088K, used 18250K [0x0000000084400000, 0x0000000100000000)
  region size 1024K, 6 young (6144K), 4 survivors (4096K)
 Metaspace       used 25543K, committed 25984K, reserved 1073152K
  class space    used 3604K, committed 3840K, reserved 1048576K
}
Event: 2.213 GC heap after
{Heap after GC invocations=8 (full 0):
 garbage-first heap   total 89088K, used 17612K [0x0000000084400000, 0x0000000100000000)
  region size 1024K, 1 young (1024K), 1 survivors (1024K)
 Metaspace       used 25543K, committed 25984K, reserved 1073152K
  class space    used 3604K, committed 3840K, reserved 1048576K
}
Event: 3.049 GC heap before
{Heap before GC invocations=8 (full 0):
 garbage-first heap   total 89088K, used 64716K [0x0000000084400000, 0x0000000100000000)
  region size 1024K, 47 young (48128K), 1 survivors (1024K)
 Metaspace       used 35491K, committed 35968K, reserved 1081344K
  class space    used 5268K, committed 5504K, reserved 1048576K
}
Event: 3.054 GC heap after
{Heap after GC invocations=9 (full 0):
 garbage-first heap   total 89088K, used 19797K [0x0000000084400000, 0x0000000100000000)
  region size 1024K, 3 young (3072K), 3 survivors (3072K)
 Metaspace       used 35491K, committed 35968K, reserved 1081344K
  class space    used 5268K, committed 5504K, reserved 1048576K
}
Event: 3.058 GC heap before
{Heap before GC invocations=9 (full 0):
 garbage-first heap   total 89088K, used 19797K [0x0000000084400000, 0x0000000100000000)
  region size 1024K, 4 young (4096K), 3 survivors (3072K)
 Metaspace       used 35519K, committed 35968K, reserved 1081344K
  class space    used 5274K, committed 5504K, reserved 1048576K
}
Event: 3.061 GC heap after
{Heap after GC invocations=10 (full 0):
 garbage-first heap   total 89088K, used 19907K [0x0000000084400000, 0x0000000100000000)
  region size 1024K, 3 young (3072K), 3 survivors (3072K)
 Metaspace       used 35519K, committed 35968K, reserved 1081344K
  class space    used 5274K, committed 5504K, reserved 1048576K
}
Event: 4.049 GC heap before
{Heap before GC invocations=11 (full 0):
 garbage-first heap   total 71680K, used 58819K [0x0000000084400000, 0x0000000100000000)
  region size 1024K, 42 young (43008K), 3 survivors (3072K)
 Metaspace       used 47327K, committed 47808K, reserved 1089536K
  class space    used 6745K, committed 6976K, reserved 1048576K
}
Event: 4.053 GC heap after
{Heap after GC invocations=12 (full 0):
 garbage-first heap   total 71680K, used 22668K [0x0000000084400000, 0x0000000100000000)
  region size 1024K, 6 young (6144K), 6 survivors (6144K)
 Metaspace       used 47327K, committed 47808K, reserved 1089536K
  class space    used 6745K, committed 6976K, reserved 1048576K
}
Event: 4.056 GC heap before
{Heap before GC invocations=12 (full 0):
 garbage-first heap   total 71680K, used 23692K [0x0000000084400000, 0x0000000100000000)
  region size 1024K, 7 young (7168K), 6 survivors (6144K)
 Metaspace       used 47349K, committed 47808K, reserved 1089536K
  class space    used 6750K, committed 6976K, reserved 1048576K
}
Event: 4.060 GC heap after
{Heap after GC invocations=13 (full 0):
 garbage-first heap   total 71680K, used 22827K [0x0000000084400000, 0x0000000100000000)
  region size 1024K, 1 young (1024K), 1 survivors (1024K)
 Metaspace       used 47349K, committed 47808K, reserved 1089536K
  class space    used 6750K, committed 6976K, reserved 1048576K
}
Event: 4.663 GC heap before
{Heap before GC invocations=13 (full 0):
 garbage-first heap   total 71680K, used 55595K [0x0000000084400000, 0x0000000100000000)
  region size 1024K, 34 young (34816K), 1 survivors (1024K)
 Metaspace       used 54029K, committed 54528K, reserved 1097728K
  class space    used 7730K, committed 7936K, reserved 1048576K
}

Deoptimization events (14 events):
Event: 0.238 Thread 0x000001cff4a5fca0 DEOPT PACKING pc=0x000001cf80302985 sp=0x000000a8af8fcc90
Event: 0.238 Thread 0x000001cff4a5fca0 DEOPT UNPACKING pc=0x000001cf80056763 sp=0x000000a8af8fc1f0 mode 3
Event: 0.396 Thread 0x000001cff4a5fca0 DEOPT PACKING pc=0x000001cf803f2a75 sp=0x000000a8af8fd230
Event: 0.396 Thread 0x000001cff4a5fca0 DEOPT UNPACKING pc=0x000001cf80056763 sp=0x000000a8af8fc6a0 mode 3
Event: 0.903 Thread 0x000001cff4a5fca0 DEOPT PACKING pc=0x000001cf80589399 sp=0x000000a8af8fcf70
Event: 0.903 Thread 0x000001cff4a5fca0 DEOPT UNPACKING pc=0x000001cf80056763 sp=0x000000a8af8fc450 mode 3
Event: 1.056 Thread 0x000001cff4a5fca0 DEOPT PACKING pc=0x000001cf805d59d5 sp=0x000000a8af8fd850
Event: 1.056 Thread 0x000001cff4a5fca0 DEOPT UNPACKING pc=0x000001cf80056763 sp=0x000000a8af8fccf8 mode 3
Event: 2.282 Thread 0x000001cff4a5fca0 DEOPT PACKING pc=0x000001cf80806e1d sp=0x000000a8af8fc550
Event: 2.282 Thread 0x000001cff4a5fca0 DEOPT UNPACKING pc=0x000001cf80056763 sp=0x000000a8af8fbab8 mode 3
Event: 2.302 Thread 0x000001cff4a5fca0 DEOPT PACKING pc=0x000001cf804a2701 sp=0x000000a8af8fe5f0
Event: 2.302 Thread 0x000001cff4a5fca0 DEOPT UNPACKING pc=0x000001cf80056763 sp=0x000000a8af8fda80 mode 3
Event: 2.303 Thread 0x000001cf8b2d7970 DEOPT PACKING pc=0x000001cf80466d17 sp=0x000000a8b16ff220
Event: 2.303 Thread 0x000001cf8b2d7970 DEOPT UNPACKING pc=0x000001cf80056763 sp=0x000000a8b16fe678 mode 3

Classes unloaded (0 events):
No events

Classes redefined (0 events):
No events

Internal exceptions (20 events):
Event: 2.245 Thread 0x000001cff4a5fca0 Exception <a 'java/lang/NoSuchMethodError'{0x0000000089954728}: 'int java.lang.invoke.DirectMethodHandle$Holder.invokeInterface(java.lang.Object, java.lang.Object, java.lang.Object, java.lang.Object)'> (0x0000000089954728) 
thrown [t:\workspace\open\src\hotspot\share\interpreter\linkResolver.cpp, line 766]
Event: 2.289 Thread 0x000001cff4a5fca0 Exception <a 'java/lang/NoSuchMethodError'{0x0000000089696640}: 'long java.lang.invoke.DirectMethodHandle$Holder.invokeVirtual(java.lang.Object, java.lang.Object)'> (0x0000000089696640) 
thrown [t:\workspace\open\src\hotspot\share\interpreter\linkResolver.cpp, line 766]
Event: 2.314 Thread 0x000001cff4a5fca0 Exception <a 'java/lang/NoSuchMethodError'{0x000000008943e6b8}: 'void java.lang.invoke.DirectMethodHandle$Holder.invokeVirtual(java.lang.Object, java.lang.Object, long)'> (0x000000008943e6b8) 
thrown [t:\workspace\open\src\hotspot\share\interpreter\linkResolver.cpp, line 766]
Event: 2.410 Thread 0x000001cff4a5fca0 Exception <a 'sun/nio/fs/WindowsException'{0x0000000088fddc50}> (0x0000000088fddc50) 
thrown [t:\workspace\open\src\hotspot\share\prims\jni.cpp, line 516]
Event: 2.450 Thread 0x000001cff4a5fca0 Exception <a 'java/lang/NoSuchMethodError'{0x0000000088dd7360}: 'java.lang.Object java.lang.invoke.Invokers$Holder.invoke_MT(java.lang.Object, java.lang.Object, java.lang.Object)'> (0x0000000088dd7360) 
thrown [t:\workspace\open\src\hotspot\share\interpreter\linkResolver.cpp, line 766]
Event: 2.826 Thread 0x000001cff4a5fca0 Exception <a 'java/lang/IncompatibleClassChangeError'{0x000000008781b3d0}: Found class java.lang.Object, but interface was expected> (0x000000008781b3d0) 
thrown [t:\workspace\open\src\hotspot\share\interpreter\linkResolver.cpp, line 833]
Event: 3.311 Thread 0x000001cff4a5fca0 Exception <a 'sun/nio/fs/WindowsException'{0x0000000087cac6d0}> (0x0000000087cac6d0) 
thrown [t:\workspace\open\src\hotspot\share\prims\jni.cpp, line 516]
Event: 3.333 Thread 0x000001cff4a5fca0 Exception <a 'java/lang/NoSuchMethodError'{0x0000000087ccf870}: 'int java.lang.invoke.DirectMethodHandle$Holder.invokeStaticInit(java.lang.Object, java.lang.Object, java.lang.Object, java.lang.Object)'> (0x0000000087ccf870) 
thrown [t:\workspace\open\src\hotspot\share\interpreter\linkResolver.cpp, line 766]
Event: 3.850 Thread 0x000001cff4a5fca0 Exception <a 'java/lang/NoSuchMethodError'{0x00000000870194f8}: 'java.lang.Object java.lang.invoke.DirectMethodHandle$Holder.invokeStaticInit(java.lang.Object, java.lang.Object, java.lang.Object, java.lang.Object)'> (0x00000000870194f8) 
thrown [t:\workspace\open\src\hotspot\share\interpreter\linkResolver.cpp, line 766]
Event: 3.877 Thread 0x000001cff4a5fca0 Exception <a 'java/lang/NoSuchMethodError'{0x0000000086d41a20}: 'java.lang.Object java.lang.invoke.DirectMethodHandle$Holder.invokeSpecial(java.lang.Object, java.lang.Object, int, java.lang.Object, int)'> (0x0000000086d41a20) 
thrown [t:\workspace\open\src\hotspot\share\interpreter\linkResolver.cpp, line 766]
Event: 3.883 Thread 0x000001cff4a5fca0 Exception <a 'java/lang/NoSuchMethodError'{0x0000000086c75898}: 'java.lang.Object java.lang.invoke.DirectMethodHandle$Holder.newInvokeSpecial(java.lang.Object, java.lang.Object, java.lang.Object, java.lang.Object, java.lang.Object, int, java.lang.Object)'> (0x0000000086c75898) 
thrown [t:\workspace\open\src\hotspot\share\interpreter\linkResolver.cpp, line 766]
Event: 3.884 Thread 0x000001cff4a5fca0 Exception <a 'java/lang/NoSuchMethodError'{0x0000000086c7a538}: 'java.lang.Object java.lang.invoke.DirectMethodHandle$Holder.invokeSpecial(java.lang.Object, java.lang.Object, java.lang.Object, java.lang.Object, java.lang.Object, java.lang.Object, int, java.lang.Object)'> (0x0000000086c7a538) 
thrown [t:\workspace\open\src\hotspot\share\interpreter\linkResolver.cpp, line 766]
Event: 4.088 Thread 0x000001cff4a5fca0 Exception <a 'java/lang/NoSuchMethodError'{0x000000008970c798}: 'java.lang.Object java.lang.invoke.DirectMethodHandle$Holder.newInvokeSpecial(java.lang.Object, java.lang.Object, int)'> (0x000000008970c798) 
thrown [t:\workspace\open\src\hotspot\share\interpreter\linkResolver.cpp, line 766]
Event: 4.224 Thread 0x000001cff4a5fca0 Exception <a 'java/lang/NoSuchMethodError'{0x0000000087c51918}: 'java.lang.Object java.lang.invoke.DirectMethodHandle$Holder.invokeSpecial(java.lang.Object, java.lang.Object, java.lang.Object, java.lang.Object, java.lang.Object, java.lang.Object, java.lang.Object, java.lang.Object, java.lang.Object, java.lang.Object, java.lang.Object)'> (0x0000000087c51918) 
thrown [t:\workspace\open\src\hotspot\share\interpreter\linkResolver.cpp, line 766]
Event: 4.224 Thread 0x000001cff4a5fca0 Exception <a 'java/lang/NoSuchMethodError'{0x0000000087c560e8}: 'java.lang.Object java.lang.invoke.Invokers$Holder.invoke_MT(java.lang.Object, java.lang.Object, java.lang.Object, java.lang.Object, java.lang.Object, java.lang.Object, java.lang.Object, java.lang.Object, java.lang.Object, java.lang.Object, java.lang.Object)'> (0x0000000087c560e8) 
thrown [t:\workspace\open\src\hotspot\share\interpreter\linkResolver.cpp, line 766]
Event: 4.235 Thread 0x000001cff4a5fca0 Exception <a 'java/lang/NoSuchMethodError'{0x0000000087cfc028}: 'java.lang.Object java.lang.invoke.DirectMethodHandle$Holder.invokeVirtual(java.lang.Object, java.lang.Object, java.lang.Object, java.lang.Object)'> (0x0000000087cfc028) 
thrown [t:\workspace\open\src\hotspot\share\interpreter\linkResolver.cpp, line 766]
Event: 4.236 Thread 0x000001cff4a5fca0 Exception <a 'java/lang/IncompatibleClassChangeError'{0x0000000087b0ee38}: Found class java.lang.Object, but interface was expected> (0x0000000087b0ee38) 
thrown [t:\workspace\open\src\hotspot\share\interpreter\linkResolver.cpp, line 833]
Event: 4.255 Thread 0x000001cff4a5fca0 Exception <a 'java/lang/NoSuchMethodError'{0x000000008794c7f8}: 'java.lang.Object java.lang.invoke.DirectMethodHandle$Holder.invokeStatic(java.lang.Object, java.lang.Object, int, java.lang.Object)'> (0x000000008794c7f8) 
thrown [t:\workspace\open\src\hotspot\share\interpreter\linkResolver.cpp, line 766]
Event: 4.255 Thread 0x000001cff4a5fca0 Exception <a 'java/lang/NoSuchMethodError'{0x0000000087950290}: 'java.lang.Object java.lang.invoke.DirectMethodHandle$Holder.invokeStaticInit(java.lang.Object, java.lang.Object, int, java.lang.Object)'> (0x0000000087950290) 
thrown [t:\workspace\open\src\hotspot\share\interpreter\linkResolver.cpp, line 766]
Event: 4.286 Thread 0x000001cff4a5fca0 Exception <a 'java/lang/NoSuchMethodError'{0x00000000877ae8f0}: 'void java.lang.invoke.DirectMethodHandle$Holder.invokeStaticInit(java.lang.Object, java.lang.Object, java.lang.Object, java.lang.Object, java.lang.Object)'> (0x00000000877ae8f0) 
thrown [t:\workspace\open\src\hotspot\share\interpreter\linkResolver.cpp, line 766]

VM Operations (20 events):
Event: 3.061 Executing VM operation: CollectForMetadataAllocation done
Event: 3.078 Executing VM operation: G1Concurrent
Event: 3.086 Executing VM operation: G1Concurrent done
Event: 3.091 Executing VM operation: G1Concurrent
Event: 3.092 Executing VM operation: G1Concurrent done
Event: 3.314 Executing VM operation: HandshakeAllThreads
Event: 3.314 Executing VM operation: HandshakeAllThreads done
Event: 3.324 Executing VM operation: HandshakeAllThreads
Event: 3.324 Executing VM operation: HandshakeAllThreads done
Event: 3.686 Executing VM operation: HandshakeAllThreads
Event: 3.686 Executing VM operation: HandshakeAllThreads done
Event: 3.859 Executing VM operation: HandshakeAllThreads
Event: 3.859 Executing VM operation: HandshakeAllThreads done
Event: 4.049 Executing VM operation: G1CollectForAllocation
Event: 4.053 Executing VM operation: G1CollectForAllocation done
Event: 4.056 Executing VM operation: G1CollectForAllocation
Event: 4.060 Executing VM operation: G1CollectForAllocation done
Event: 4.663 Executing VM operation: HandshakeAllThreads
Event: 4.663 Executing VM operation: HandshakeAllThreads done
Event: 4.663 Executing VM operation: G1CollectForAllocation

Events (20 events):
Event: 3.974 loading class java/util/stream/ReduceOps$CountingSink done
Event: 3.974 loading class java/util/stream/ReduceOps$CountingSink$OfRef done
Event: 3.976 loading class jdk/internal/ValueBased
Event: 3.977 loading class jdk/internal/ValueBased done
Event: 4.054 loading class java/util/stream/ReduceOps$1
Event: 4.055 loading class java/util/stream/ReduceOps$1 done
Event: 4.055 loading class java/util/stream/ReduceOps$1ReducingSink
Event: 4.055 loading class java/util/stream/ReduceOps$1ReducingSink done
Event: 4.129 loading class javax/naming/RefAddr
Event: 4.129 loading class javax/naming/RefAddr done
Event: 4.129 loading class javax/naming/StringRefAddr
Event: 4.129 loading class javax/naming/StringRefAddr done
Event: 4.173 loading class java/util/concurrent/CompletableFuture$AltResult
Event: 4.173 loading class java/util/concurrent/CompletableFuture$AltResult done
Event: 4.173 loading class java/util/concurrent/CompletableFuture$Completion
Event: 4.174 loading class java/util/concurrent/CompletableFuture$AsynchronousCompletionTask
Event: 4.174 loading class java/util/concurrent/CompletableFuture$AsynchronousCompletionTask done
Event: 4.174 loading class java/util/concurrent/CompletableFuture$Completion done
Event: 4.572 loading class java/util/concurrent/CancellationException
Event: 4.572 loading class java/util/concurrent/CancellationException done


Dynamic libraries:
0x00007ff608d70000 - 0x00007ff608d80000 	C:\Program Files\Java\jdk-17\bin\java.exe
0x00007ffe1a070000 - 0x00007ffe1a288000 	C:\Windows\SYSTEM32\ntdll.dll
0x00007ffe18780000 - 0x00007ffe18844000 	C:\Windows\System32\KERNEL32.DLL
0x00007ffe178b0000 - 0x00007ffe17c83000 	C:\Windows\System32\KERNELBASE.dll
0x00007ffe17180000 - 0x00007ffe17291000 	C:\Windows\System32\ucrtbase.dll
0x00007ffe0feb0000 - 0x00007ffe0fec8000 	C:\Program Files\Java\jdk-17\bin\jli.dll
0x00007ffdf9b80000 - 0x00007ffdf9b9a000 	C:\Program Files\Java\jdk-17\bin\VCRUNTIME140.dll
0x00007ffe19560000 - 0x00007ffe19611000 	C:\Windows\System32\ADVAPI32.dll
0x00007ffe17d10000 - 0x00007ffe17db7000 	C:\Windows\System32\msvcrt.dll
0x00007ffe186d0000 - 0x00007ffe18778000 	C:\Windows\System32\sechost.dll
0x00007ffe17880000 - 0x00007ffe178a8000 	C:\Windows\System32\bcrypt.dll
0x00007ffe197e0000 - 0x00007ffe198f8000 	C:\Windows\System32\RPCRT4.dll
0x00007ffe19620000 - 0x00007ffe197d2000 	C:\Windows\System32\USER32.dll
0x00007ffe172a0000 - 0x00007ffe172c6000 	C:\Windows\System32\win32u.dll
0x00007ffe01570000 - 0x00007ffe0180c000 	C:\Windows\WinSxS\amd64_microsoft.windows.common-controls_6595b64144ccf1df_6.0.22621.6060_none_2712eda17382d24b\COMCTL32.dll
0x00007ffe18990000 - 0x00007ffe189b9000 	C:\Windows\System32\GDI32.dll
0x00007ffe17410000 - 0x00007ffe1752b000 	C:\Windows\System32\gdi32full.dll
0x00007ffe17530000 - 0x00007ffe175ca000 	C:\Windows\System32\msvcp_win.dll
0x00007ffe0d030000 - 0x00007ffe0d03a000 	C:\Windows\SYSTEM32\VERSION.dll
0x00007ffe17e40000 - 0x00007ffe17e71000 	C:\Windows\System32\IMM32.DLL
0x00007ffe134d0000 - 0x00007ffe134dc000 	C:\Program Files\Java\jdk-17\bin\vcruntime140_1.dll
0x00007ffdc14a0000 - 0x00007ffdc152d000 	C:\Program Files\Java\jdk-17\bin\msvcp140.dll
0x00007ffda7c50000 - 0x00007ffda880e000 	C:\Program Files\Java\jdk-17\bin\server\jvm.dll
0x00007ffe18030000 - 0x00007ffe18038000 	C:\Windows\System32\PSAPI.DLL
0x00007ffe011f0000 - 0x00007ffe011f9000 	C:\Windows\SYSTEM32\WSOCK32.dll
0x00007ffe125f0000 - 0x00007ffe12624000 	C:\Windows\SYSTEM32\WINMM.dll
0x00007ffe17dc0000 - 0x00007ffe17e31000 	C:\Windows\System32\WS2_32.dll
0x00007ffe16160000 - 0x00007ffe16178000 	C:\Windows\SYSTEM32\kernel.appcore.dll
0x00007ffe13190000 - 0x00007ffe1319a000 	C:\Program Files\Java\jdk-17\bin\jimage.dll
0x00007ffe14430000 - 0x00007ffe14663000 	C:\Windows\SYSTEM32\DBGHELP.DLL
0x00007ffe180f0000 - 0x00007ffe18481000 	C:\Windows\System32\combase.dll
0x00007ffe19900000 - 0x00007ffe199d8000 	C:\Windows\System32\OLEAUT32.dll
0x00007ffe0ed00000 - 0x00007ffe0ed32000 	C:\Windows\SYSTEM32\dbgcore.DLL
0x00007ffe17740000 - 0x00007ffe177bb000 	C:\Windows\System32\bcryptPrimitives.dll
0x00007ffe01170000 - 0x00007ffe0117e000 	C:\Program Files\Java\jdk-17\bin\instrument.dll
0x00007ffde0ef0000 - 0x00007ffde0f15000 	C:\Program Files\Java\jdk-17\bin\java.dll
0x00007ffdc13c0000 - 0x00007ffdc1496000 	C:\Program Files\Java\jdk-17\bin\svml.dll
0x00007ffe189c0000 - 0x00007ffe1925c000 	C:\Windows\System32\SHELL32.dll
0x00007ffe172d0000 - 0x00007ffe1740f000 	C:\Windows\System32\wintypes.dll
0x00007ffe15030000 - 0x00007ffe1594a000 	C:\Windows\SYSTEM32\windows.storage.dll
0x00007ffe19420000 - 0x00007ffe19524000 	C:\Windows\System32\SHCORE.dll
0x00007ffe188b0000 - 0x00007ffe18919000 	C:\Windows\System32\shlwapi.dll
0x00007ffe170b0000 - 0x00007ffe170d5000 	C:\Windows\SYSTEM32\profapi.dll
0x00007ffde01a0000 - 0x00007ffde01b8000 	C:\Program Files\Java\jdk-17\bin\zip.dll
0x00007ffde1c90000 - 0x00007ffde1ca9000 	C:\Program Files\Java\jdk-17\bin\net.dll
0x00007ffe13a80000 - 0x00007ffe13bac000 	C:\Windows\SYSTEM32\WINHTTP.dll
0x00007ffe16640000 - 0x00007ffe166a9000 	C:\Windows\system32\mswsock.dll
0x00007ffde0f60000 - 0x00007ffde0f75000 	C:\Program Files\Java\jdk-17\bin\nio.dll
0x00007ffe01fb0000 - 0x00007ffe01fbe000 	C:\Program Files\Java\jdk-17\bin\sunmscapi.dll
0x00007ffe175d0000 - 0x00007ffe17738000 	C:\Windows\System32\CRYPT32.dll
0x00007ffe16a50000 - 0x00007ffe16a7e000 	C:\Windows\SYSTEM32\ncrypt.dll
0x00007ffe16a10000 - 0x00007ffe16a47000 	C:\Windows\SYSTEM32\NTASN1.dll
0x00007ffe16890000 - 0x00007ffe168ab000 	C:\Windows\SYSTEM32\CRYPTSP.dll
0x00007ffe160c0000 - 0x00007ffe160f7000 	C:\Windows\system32\rsaenh.dll
0x00007ffe16730000 - 0x00007ffe16758000 	C:\Windows\SYSTEM32\USERENV.dll
0x00007ffe168b0000 - 0x00007ffe168bc000 	C:\Windows\SYSTEM32\CRYPTBASE.dll
0x00007ffe15bc0000 - 0x00007ffe15bed000 	C:\Windows\SYSTEM32\IPHLPAPI.DLL
0x00007ffe19550000 - 0x00007ffe19559000 	C:\Windows\System32\NSI.dll
0x00007ffe12cd0000 - 0x00007ffe12ce9000 	C:\Windows\SYSTEM32\dhcpcsvc6.DLL
0x00007ffe12a30000 - 0x00007ffe12a4f000 	C:\Windows\SYSTEM32\dhcpcsvc.DLL
0x00007ffe15bf0000 - 0x00007ffe15ce8000 	C:\Windows\SYSTEM32\DNSAPI.dll
0x00007ffe00ef0000 - 0x00007ffe00ef9000 	C:\Program Files\Java\jdk-17\bin\management.dll
0x00007ffe00b40000 - 0x00007ffe00b4b000 	C:\Program Files\Java\jdk-17\bin\management_ext.dll
0x00007ffe12a20000 - 0x00007ffe12a2a000 	C:\Windows\System32\rasadhlp.dll
0x00007ffe11690000 - 0x00007ffe11714000 	C:\Windows\System32\fwpuclnt.dll

dbghelp: loaded successfully - version: 4.0.5 - missing functions: none
symbol engine: initialized successfully - sym options: 0x614 - pdb path: .;C:\Program Files\Java\jdk-17\bin;C:\Windows\SYSTEM32;C:\Windows\WinSxS\amd64_microsoft.windows.common-controls_6595b64144ccf1df_6.0.22621.6060_none_2712eda17382d24b;C:\Program Files\Java\jdk-17\bin\server

VM Arguments:
jvm_args: -XX:TieredStopAtLevel=1 -Dspring.output.ansi.enabled=always -javaagent:C:\Program Files\JetBrains\IntelliJ IDEA 2026.1.2\lib\idea_rt.jar=62633 -Dfile.encoding=UTF-8 
java_command: backend.BackendApplication
java_class_path (initial): D:\intern projects\Inventory & User Management System\backend\target\classes;C:\Users\madhu\.m2\repository\org\springframework\boot\spring-boot-starter-data-jpa\4.1.1\spring-boot-starter-data-jpa-4.1.1.jar;C:\Users\madhu\.m2\repository\org\springframework\boot\spring-boot-starter\4.1.1\spring-boot-starter-4.1.1.jar;C:\Users\madhu\.m2\repository\org\springframework\boot\spring-boot-starter-logging\4.1.1\spring-boot-starter-logging-4.1.1.jar;C:\Users\madhu\.m2\repository\ch\qos\logback\logback-classic\1.5.38\logback-classic-1.5.38.jar;C:\Users\madhu\.m2\repository\ch\qos\logback\logback-core\1.5.38\logback-core-1.5.38.jar;C:\Users\madhu\.m2\repository\org\apache\logging\log4j\log4j-to-slf4j\2.25.5\log4j-to-slf4j-2.25.5.jar;C:\Users\madhu\.m2\repository\org\apache\logging\log4j\log4j-api\2.25.5\log4j-api-2.25.5.jar;C:\Users\madhu\.m2\repository\org\slf4j\jul-to-slf4j\2.0.18\jul-to-slf4j-2.0.18.jar;C:\Users\madhu\.m2\repository\org\springframework\boot\spring-boot-autoconfigure\4.1.1\spring-boot-autoconfigure-4.1.1.jar;C:\Users\madhu\.m2\repository\jakarta\annotation\jakarta.annotation-api\3.0.0\jakarta.annotation-api-3.0.0.jar;C:\Users\madhu\.m2\repository\org\yaml\snakeyaml\2.6\snakeyaml-2.6.jar;C:\Users\madhu\.m2\repository\org\springframework\boot\spring-boot-starter-jdbc\4.1.1\spring-boot-starter-jdbc-4.1.1.jar;C:\Users\madhu\.m2\repository\com\zaxxer\HikariCP\7.0.2\HikariCP-7.0.2.jar;C:\Users\madhu\.m2\repository\org\springframework\boot\spring-boot-data-jpa\4.1.1\spring-boot-data-jpa-4.1.1.jar;C:\Users\madhu\.m2\repository\org\springframework\boot\spring-boot-data-commons\4.1.1\spring-boot-data-commons-4.1.1.jar;C:\Users\madhu\.m2\repository\org\springframework\boot\spring-boot-persistence\4.1.1\spring-boot-persistence-4.1.1.jar;C:\Users\madhu\.m2\repository\org\springframework\data\spring-data-commons\4.1.1\spring-data-commons-4.1.1.jar;C:\Users\madhu\.m2\repository\org\springframework\boot\spring-boot-hibernate\4.1.1\spring-boot-hib
Launcher Type: SUN_STANDARD

[Global flags]
     intx CICompilerCount                          = 4                                         {product} {ergonomic}
     uint ConcGCThreads                            = 2                                         {product} {ergonomic}
     uint G1ConcRefinementThreads                  = 8                                         {product} {ergonomic}
   size_t G1HeapRegionSize                         = 1048576                                   {product} {ergonomic}
    uintx GCDrainStackTargetSize                   = 64                                        {product} {ergonomic}
   size_t InitialHeapSize                          = 130023424                                 {product} {ergonomic}
   size_t MarkStackSize                            = 4194304                                   {product} {ergonomic}
   size_t MaxHeapSize                              = 2076180480                                {product} {ergonomic}
   size_t MaxNewSize                               = 1245708288                                {product} {ergonomic}
   size_t MinHeapDeltaBytes                        = 1048576                                   {product} {ergonomic}
   size_t MinHeapSize                              = 8388608                                   {product} {ergonomic}
    uintx NonProfiledCodeHeapSize                  = 0                                      {pd product} {ergonomic}
     bool ProfileInterpreter                       = false                                  {pd product} {command line}
    uintx ProfiledCodeHeapSize                     = 0                                      {pd product} {ergonomic}
   size_t SoftMaxHeapSize                          = 2076180480                             {manageable} {ergonomic}
     intx TieredStopAtLevel                        = 1                                         {product} {command line}
     bool UseCompressedClassPointers               = true                           {product lp64_product} {ergonomic}
     bool UseCompressedOops                        = true                           {product lp64_product} {ergonomic}
     bool UseG1GC                                  = true                                      {product} {ergonomic}
     bool UseLargePagesIndividualAllocation        = false                                  {pd product} {ergonomic}

Logging:
Log output configuration:
 #0: stdout all=warning uptime,level,tags
 #1: stderr all=off uptime,level,tags

Environment Variables:
JAVA_HOME=C:\Program Files\Java\jdk-17
PATH=C:\app\Kanchana_M\product\21c\dbhomeXE\bin;C:\Program Files (x86)\Common Files\Oracle\Java\java8path;C:\Program Files (x86)\Common Files\Oracle\Java\javapath;C:\Windows\System32;C:\Program Files (x86)\Gpg4win\..\GnuPG\bin;C:\Program Files\nodejs\;C:\Program Files\dotnet\;D:\flutter\bin;C:\composer;C:\Program Files\Microsoft SQL Server\Client SDK\ODBC\170\Tools\Binn\;C:\Program Files (x86)\Microsoft SQL Server\170\Tools\Binn\;C:\Program Files\Microsoft SQL Server\170\Tools\Binn\;C:\Program Files\Microsoft SQL Server\Client SDK\ODBC\180\Tools\Binn\;C:\Program Files\Microsoft SQL Server\170\DTS\Binn\;C:\Program Files\Java\jdk-17\bin;C:\app\Kanchana_M\product\21c\dbhomeXE\bin;C:\Program Files (x86)\Common Files\Oracle\Java\java8path;C:\Program Files (x86)\Common Files\Oracle\Java\javapath;C:\Windows\System32;C:\Program Files (x86)\Gpg4win\..\GnuPG\bin;C:\Program Files\nodejs\;C:\Program Files\dotnet\;D:\flutter\bin;C:\composer;C:\Program Files\Microsoft SQL Server\Client SDK\ODBC\170\Tools\Binn\;C:\Program Files (x86)\Microsoft SQL Server\170\Tools\Binn\;C:\Program Files\Microsoft SQL Server\170\Tools\Binn\;C:\Program Files\Microsoft SQL Server\Client SDK\ODBC\180\Tools\Binn\;C:\Program Files\Microsoft SQL Server\170\DTS\Binn\
USERNAME=Kanchana_M
OS=Windows_NT
PROCESSOR_IDENTIFIER=Intel64 Family 6 Model 140 Stepping 1, GenuineIntel



---------------  S Y S T E M  ---------------

OS:
 Windows 10 , 64 bit Build 22621 (10.0.22621.5415)
OS uptime: 14 days 6:05 hours
Hyper-V role detected

CPU: total 8 (initial active 8) (4 cores per cpu, 2 threads per core) family 6 model 140 stepping 1 microcode 0xbe, cx8, cmov, fxsr, ht, mmx, 3dnowpref, sse, sse2, sse3, ssse3, sse4.1, sse4.2, popcnt, lzcnt, tsc, tscinvbit, avx, avx2, aes, erms, clmul, bmi1, bmi2, adx, avx512f, avx512dq, avx512cd, avx512bw, avx512vl, sha, fma, vzeroupper, avx512_vpopcntdq, avx512_vpclmulqdq, avx512_vaes, avx512_vnni, clflush, clflushopt, clwb, avx512_vbmi2, avx512_vbmi, hv

Memory: 4k page, system-wide physical 7914M (175M free)
TotalPageFile size 18576M (AvailPageFile size 5M)
current process WorkingSet (physical memory assigned to process): 195M, peak: 195M
current process commit charge ("private bytes"): 337M, peak: 338M

vm_info: Java HotSpot(TM) 64-Bit Server VM (17+35-LTS-2724) for windows-amd64 JRE (17+35-LTS-2724), built on Aug  5 2021 23:28:28 by "mach5one" with MS VC++ 16.8 (VS2019)

END.
